Archive member included to satisfy reference by file (symbol)

c:/users/peace/.p2/pool/plugins/fr.ac6.mcu.externaltools.arm-none.win32_1.15.0.201708311556/tools/compiler/bin/../lib/gcc/arm-none-eabi/6.3.1/thumb/v7e-m/fpv4-sp/hard\libgcc.a(_aeabi_uldivmod.o)
                              Drivers/STM32F4xx_HAL_Driver/Src/stm32f4xx_hal_rcc.o (__aeabi_uldivmod)
c:/users/peace/.p2/pool/plugins/fr.ac6.mcu.externaltools.arm-none.win32_1.15.0.201708311556/tools/compiler/bin/../lib/gcc/arm-none-eabi/6.3.1/thumb/v7e-m/fpv4-sp/hard\libgcc.a(_udivmoddi4.o)
                              c:/users/peace/.p2/pool/plugins/fr.ac6.mcu.externaltools.arm-none.win32_1.15.0.201708311556/tools/compiler/bin/../lib/gcc/arm-none-eabi/6.3.1/thumb/v7e-m/fpv4-sp/hard\libgcc.a(_aeabi_uldivmod.o) (__udivmoddi4)
c:/users/peace/.p2/pool/plugins/fr.ac6.mcu.externaltools.arm-none.win32_1.15.0.201708311556/tools/compiler/bin/../lib/gcc/arm-none-eabi/6.3.1/thumb/v7e-m/fpv4-sp/hard\libgcc.a(_dvmd_tls.o)
                              c:/users/peace/.p2/pool/plugins/fr.ac6.mcu.externaltools.arm-none.win32_1.15.0.201708311556/tools/compiler/bin/../lib/gcc/arm-none-eabi/6.3.1/thumb/v7e-m/fpv4-sp/hard\libgcc.a(_aeabi_uldivmod.o) (__aeabi_ldiv0)
c:/users/peace/.p2/pool/plugins/fr.ac6.mcu.externaltools.arm-none.win32_1.15.0.201708311556/tools/compiler/bin/../lib/gcc/arm-none-eabi/6.3.1/../../../../arm-none-eabi/lib/thumb/v7e-m/fpv4-sp/hard\libc_nano.a(lib_a-exit.o)
                              c:/users/peace/.p2/pool/plugins/fr.ac6.mcu.externaltools.arm-none.win32_1.15.0.201708311556/tools/compiler/bin/../lib/gcc/arm-none-eabi/6.3.1/../../../../arm-none-eabi/lib/thumb/v7e-m/fpv4-sp/hard/crt0.o (exit)
c:/users/peace/.p2/pool/plugins/fr.ac6.mcu.externaltools.arm-none.win32_1.15.0.201708311556/tools/compiler/bin/../lib/gcc/arm-none-eabi/6.3.1/../../../../arm-none-eabi/lib/thumb/v7e-m/fpv4-sp/hard\libc_nano.a(lib_a-impure.o)
                              c:/users/peace/.p2/pool/plugins/fr.ac6.mcu.externaltools.arm-none.win32_1.15.0.201708311556/tools/compiler/bin/../lib/gcc/arm-none-eabi/6.3.1/../../../../arm-none-eabi/lib/thumb/v7e-m/fpv4-sp/hard\libc_nano.a(lib_a-exit.o) (_global_impure_ptr)
c:/users/peace/.p2/pool/plugins/fr.ac6.mcu.externaltools.arm-none.win32_1.15.0.201708311556/tools/compiler/bin/../lib/gcc/arm-none-eabi/6.3.1/../../../../arm-none-eabi/lib/thumb/v7e-m/fpv4-sp/hard\libc_nano.a(lib_a-init.o)
                              c:/users/peace/.p2/pool/plugins/fr.ac6.mcu.externaltools.arm-none.win32_1.15.0.201708311556/tools/compiler/bin/../lib/gcc/arm-none-eabi/6.3.1/../../../../arm-none-eabi/lib/thumb/v7e-m/fpv4-sp/hard/crt0.o (__libc_init_array)
c:/users/peace/.p2/pool/plugins/fr.ac6.mcu.externaltools.arm-none.win32_1.15.0.201708311556/tools/compiler/bin/../lib/gcc/arm-none-eabi/6.3.1/../../../../arm-none-eabi/lib/thumb/v7e-m/fpv4-sp/hard\libc_nano.a(lib_a-memset.o)
                              c:/users/peace/.p2/pool/plugins/fr.ac6.mcu.externaltools.arm-none.win32_1.15.0.201708311556/tools/compiler/bin/../lib/gcc/arm-none-eabi/6.3.1/../../../../arm-none-eabi/lib/thumb/v7e-m/fpv4-sp/hard/crt0.o (memset)
c:/users/peace/.p2/pool/plugins/fr.ac6.mcu.externaltools.arm-none.win32_1.15.0.201708311556/tools/compiler/bin/../lib/gcc/arm-none-eabi/6.3.1/../../../../arm-none-eabi/lib/thumb/v7e-m/fpv4-sp/hard\libc_nano.a(lib_a-sysgettod.o)
                              Src/main.o (gettimeofday)
c:/users/peace/.p2/pool/plugins/fr.ac6.mcu.externaltools.arm-none.win32_1.15.0.201708311556/tools/compiler/bin/../lib/gcc/arm-none-eabi/6.3.1/../../../../arm-none-eabi/lib/thumb/v7e-m/fpv4-sp/hard\libc_nano.a(lib_a-gettimeofdayr.o)
                              c:/users/peace/.p2/pool/plugins/fr.ac6.mcu.externaltools.arm-none.win32_1.15.0.201708311556/tools/compiler/bin/../lib/gcc/arm-none-eabi/6.3.1/../../../../arm-none-eabi/lib/thumb/v7e-m/fpv4-sp/hard\libc_nano.a(lib_a-sysgettod.o) (_gettimeofday_r)
c:/users/peace/.p2/pool/plugins/fr.ac6.mcu.externaltools.arm-none.win32_1.15.0.201708311556/tools/compiler/bin/../lib/gcc/arm-none-eabi/6.3.1/../../../../arm-none-eabi/lib/thumb/v7e-m/fpv4-sp/hard\libc_nano.a(lib_a-reent.o)
                              c:/users/peace/.p2/pool/plugins/fr.ac6.mcu.externaltools.arm-none.win32_1.15.0.201708311556/tools/compiler/bin/../lib/gcc/arm-none-eabi/6.3.1/../../../../arm-none-eabi/lib/thumb/v7e-m/fpv4-sp/hard\libc_nano.a(lib_a-gettimeofdayr.o) (errno)
c:/users/peace/.p2/pool/plugins/fr.ac6.mcu.externaltools.arm-none.win32_1.15.0.201708311556/tools/compiler/bin/../lib/gcc/arm-none-eabi/6.3.1/../../../../arm-none-eabi/lib/thumb/v7e-m/fpv4-sp/hard\libc_nano.a(lib_a-nano-freer.o)
                              c:/users/peace/.p2/pool/plugins/fr.ac6.mcu.externaltools.arm-none.win32_1.15.0.201708311556/tools/compiler/bin/../lib/gcc/arm-none-eabi/6.3.1/../../../../arm-none-eabi/lib/thumb/v7e-m/fpv4-sp/hard\libc_nano.a(lib_a-reent.o) (_free_r)
[...]
Memory Configuration

Name             Origin             Length             Attributes
RAM              0x20000000         0x00020000         xrw
CCMRAM           0x10000000         0x00010000         rw
FLASH            0x08000000         0x00100000         xr
*default*        0x00000000         0xffffffff

Linker script and memory map

LOAD c:/users/peace/.p2/pool/plugins/fr.ac6.mcu.externaltools.arm-none.win32_1.15.0.201708311556/tools/compiler/bin/../lib/gcc/arm-none-eabi/6.3.1/thumb/v7e-m/fpv4-sp/hard/crti.o
LOAD c:/users/peace/.p2/pool/plugins/fr.ac6.mcu.externaltools.arm-none.win32_1.15.0.201708311556/tools/compiler/bin/../lib/gcc/arm-none-eabi/6.3.1/thumb/v7e-m/fpv4-sp/hard/crtbegin.o
LOAD c:/users/peace/.p2/pool/plugins/fr.ac6.mcu.externaltools.arm-none.win32_1.15.0.201708311556/tools/compiler/bin/../lib/gcc/arm-none-eabi/6.3.1/../../../../arm-none-eabi/lib/thumb/v7e-m/fpv4-sp/hard/crt0.o
LOAD Drivers/STM32F4xx_HAL_Driver/Src/stm32f4xx_hal.o
LOAD Drivers/STM32F4xx_HAL_Driver/Src/stm32f4xx_hal_adc.o
LOAD Drivers/STM32F4xx_HAL_Driver/Src/stm32f4xx_hal_adc_ex.o
LOAD Drivers/STM32F4xx_HAL_Driver/Src/stm32f4xx_hal_cortex.o
LOAD Drivers/STM32F4xx_HAL_Driver/Src/stm32f4xx_hal_dma.o
LOAD Drivers/STM32F4xx_HAL_Driver/Src/stm32f4xx_hal_dma_ex.o
LOAD Drivers/STM32F4xx_HAL_Driver/Src/stm32f4xx_hal_flash.o
LOAD Drivers/STM32F4xx_HAL_Driver/Src/stm32f4xx_hal_flash_ex.o
LOAD Drivers/STM32F4xx_HAL_Driver/Src/stm32f4xx_hal_flash_ramfunc.o
LOAD Drivers/STM32F4xx_HAL_Driver/Src/stm32f4xx_hal_gpio.o
LOAD Drivers/STM32F4xx_HAL_Driver/Src/stm32f4xx_hal_pwr.o
LOAD Drivers/STM32F4xx_HAL_Driver/Src/stm32f4xx_hal_pwr_ex.o
LOAD Drivers/STM32F4xx_HAL_Driver/Src/stm32f4xx_hal_rcc.o
LOAD Drivers/STM32F4xx_HAL_Driver/Src/stm32f4xx_hal_rcc_ex.o
LOAD Drivers/STM32F4xx_HAL_Driver/Src/stm32f4xx_hal_tim.o
LOAD Drivers/STM32F4xx_HAL_Driver/Src/stm32f4xx_hal_tim_ex.o
LOAD Drivers/STM32F4xx_HAL_Driver/Src/stm32f4xx_hal_uart.o
LOAD Src/main.o
LOAD Src/stm32f4xx_hal_msp.o
LOAD Src/stm32f4xx_it.o
LOAD Src/system_stm32f4xx.o
LOAD startup/startup_stm32f407xx.o
LOAD c:/users/peace/.p2/pool/plugins/fr.ac6.mcu.externaltools.arm-none.win32_1.15.0.201708311556/tools/compiler/bin/../lib/gcc/arm-none-eabi/6.3.1/../../../../arm-none-eabi/lib/thumb/v7e-m/fpv4-sp/hard\libm.a
START GROUP
LOAD c:/users/peace/.p2/pool/plugins/fr.ac6.mcu.externaltools.arm-none.win32_1.15.0.201708311556/tools/compiler/bin/../lib/gcc/arm-none-eabi/6.3.1/thumb/v7e-m/fpv4-sp/hard\libgcc.a
LOAD c:/users/peace/.p2/pool/plugins/fr.ac6.mcu.externaltools.arm-none.win32_1.15.0.201708311556/tools/compiler/bin/../lib/gcc/arm-none-eabi/6.3.1/../../../../arm-none-eabi/lib/thumb/v7e-m/fpv4-sp/hard\libc_nano.a
END GROUP
START GROUP
LOAD c:/users/peace/.p2/pool/plugins/fr.ac6.mcu.externaltools.arm-none.win32_1.15.0.201708311556/tools/compiler/bin/../lib/gcc/arm-none-eabi/6.3.1/thumb/v7e-m/fpv4-sp/hard\libgcc.a
LOAD c:/users/peace/.p2/pool/plugins/fr.ac6.mcu.externaltools.arm-none.win32_1.15.0.201708311556/tools/compiler/bin/../lib/gcc/arm-none-eabi/6.3.1/../../../../arm-none-eabi/lib/thumb/v7e-m/fpv4-sp/hard\libc_nano.a
LOAD c:/users/peace/.p2/pool/plugins/fr.ac6.mcu.externaltools.arm-none.win32_1.15.0.201708311556/tools/compiler/bin/../lib/gcc/arm-none-eabi/6.3.1/../../../../arm-none-eabi/lib/thumb/v7e-m/fpv4-sp/hard\libnosys.a
END GROUP
START GROUP
LOAD c:/users/peace/.p2/pool/plugins/fr.ac6.mcu.externaltools.arm-none.win32_1.15.0.201708311556/tools/compiler/bin/../lib/gcc/arm-none-eabi/6.3.1/thumb/v7e-m/fpv4-sp/hard\libgcc.a
LOAD c:/users/peace/.p2/pool/plugins/fr.ac6.mcu.externaltools.arm-none.win32_1.15.0.201708311556/tools/compiler/bin/../lib/gcc/arm-none-eabi/6.3.1/../../../../arm-none-eabi/lib/thumb/v7e-m/fpv4-sp/hard\libc_nano.a
LOAD c:/users/peace/.p2/pool/plugins/fr.ac6.mcu.externaltools.arm-none.win32_1.15.0.201708311556/tools/compiler/bin/../lib/gcc/arm-none-eabi/6.3.1/../../../../arm-none-eabi/lib/thumb/v7e-m/fpv4-sp/hard\libnosys.a
END GROUP
LOAD c:/users/peace/.p2/pool/plugins/fr.ac6.mcu.externaltools.arm-none.win32_1.15.0.201708311556/tools/compiler/bin/../lib/gcc/arm-none-eabi/6.3.1/thumb/v7e-m/fpv4-sp/hard/crtend.o
LOAD c:/users/peace/.p2/pool/plugins/fr.ac6.mcu.externaltools.arm-none.win32_1.15.0.201708311556/tools/compiler/bin/../lib/gcc/arm-none-eabi/6.3.1/thumb/v7e-m/fpv4-sp/hard/crtn.o
                0x20020000                _estack = 0x20020000
                0x00000200                _Min_Heap_Size = 0x200
                0x00000400                _Min_Stack_Size = 0x400

.isr_vector     0x08000000      0x188
                0x08000000                . = ALIGN (0x4)
 *(.isr_vector)
 .isr_vector    0x08000000      0x188 startup/startup_stm32f407xx.o
                0x08000000                g_pfnVectors
                0x08000188                . = ALIGN (0x4)

.text           0x08000188     0x1a30
                0x08000188                . = ALIGN (0x4)
 *(.text)
 .text          0x08000188       0x6c c:/users/peace/.p2/pool/plugins/fr.ac6.mcu.externaltools.arm-none.win32_1.15.0.201708311556/tools/compiler/bin/../lib/gcc/arm-none-eabi/6.3.1/thumb/v7e-m/fpv4-sp/hard/crtbegin.o
 .text          0x080001f4       0x30 c:/users/peace/.p2/pool/plugins/fr.ac6.mcu.externaltools.arm-none.win32_1.15.0.201708311556/tools/compiler/bin/../lib/gcc/arm-none-eabi/6.3.1/thumb/v7e-m/fpv4-sp/hard\libgcc.a(_aeabi_uldivmod.o)
                0x080001f4                __aeabi_uldivmod
 .text          0x08000224      0x2dc c:/users/peace/.p2/pool/plugins/fr.ac6.mcu.externaltools.arm-none.win32_1.15.0.201708311556/tools/compiler/bin/../lib/gcc/arm-none-eabi/6.3.1/thumb/v7e-m/fpv4-sp/hard\libgcc.a(_udivmoddi4.o)
                0x08000224                __udivmoddi4
 .text          0x08000500        0x4 c:/users/peace/.p2/pool/plugins/fr.ac6.mcu.externaltools.arm-none.win32_1.15.0.201708311556/tools/compiler/bin/../lib/gcc/arm-none-eabi/6.3.1/thumb/v7e-m/fpv4-sp/hard\libgcc.a(_dvmd_tls.o)
                0x08000500                __aeabi_idiv0
                0x08000500                __aeabi_ldiv0
 *(.text*)
 .text.HAL_InitTick
                0x08000504       0x2c Drivers/STM32F4xx_HAL_Driver/Src/stm32f4xx_hal.o
                0x08000504                HAL_InitTick
 .text.HAL_Init
                0x08000530       0x34 Drivers/STM32F4xx_HAL_Driver/Src/stm32f4xx_hal.o
                0x08000530                HAL_Init
 .text.HAL_IncTick
                0x08000564       0x10 Drivers/STM32F4xx_HAL_Driver/Src/stm32f4xx_hal.o
                0x08000564                HAL_IncTick
 .text.HAL_GetTick
                0x08000574        0xc Drivers/STM32F4xx_HAL_Driver/Src/stm32f4xx_hal.o
                0x08000574                HAL_GetTick
 .text.HAL_Delay
                0x08000580       0x24 Drivers/STM32F4xx_HAL_Driver/Src/stm32f4xx_hal.o
                0x08000580                HAL_Delay
 .text.ADC_Init
                0x080005a4      0x130 Drivers/STM32F4xx_HAL_Driver/Src/stm32f4xx_hal_adc.o
 .text.HAL_ADC_Init
                0x080006d4       0x54 Drivers/STM32F4xx_HAL_Driver/Src/stm32f4xx_hal_adc.o
                0x080006d4                HAL_ADC_Init
 .text.HAL_ADC_Start
                0x08000728       0xf8 Drivers/STM32F4xx_HAL_Driver/Src/stm32f4xx_hal_adc.o
                0x08000728                HAL_ADC_Start
 .text.HAL_ADC_GetValue
                0x08000820        0x6 Drivers/STM32F4xx_HAL_Driver/Src/stm32f4xx_hal_adc.o
                0x08000820                HAL_ADC_GetValue
 .text.HAL_ADC_ConvCpltCallback
                0x08000826        0x2 Drivers/STM32F4xx_HAL_Driver/Src/stm32f4xx_hal_adc.o
                0x08000826                HAL_ADC_ConvCpltCallback
 .text.HAL_ADC_LevelOutOfWindowCallback
                0x08000828        0x2 Drivers/STM32F4xx_HAL_Driver/Src/stm32f4xx_hal_adc.o
                0x08000828                HAL_ADC_LevelOutOfWindowCallback
 .text.HAL_ADC_ErrorCallback
                0x0800082a        0x2 Drivers/STM32F4xx_HAL_Driver/Src/stm32f4xx_hal_adc.o
                0x0800082a                HAL_ADC_ErrorCallback
 .text.HAL_ADC_IRQHandler
                0x0800082c      0x14e Drivers/STM32F4xx_HAL_Driver/Src/stm32f4xx_hal_adc.o
                0x0800082c                HAL_ADC_IRQHandler
 *fill*         0x0800097a        0x2 
 .text.HAL_ADC_ConfigChannel
                0x0800097c      0x190 Drivers/STM32F4xx_HAL_Driver/Src/stm32f4xx_hal_adc.o
                0x0800097c                HAL_ADC_ConfigChannel
 .text.HAL_ADCEx_InjectedConvCpltCallback
                0x08000b0c        0x2 Drivers/STM32F4xx_HAL_Driver/Src/stm32f4xx_hal_adc_ex.o
                0x08000b0c                HAL_ADCEx_InjectedConvCpltCallback
 *fill*         0x08000b0e        0x2 
 .text.HAL_NVIC_SetPriorityGrouping
                0x08000b10       0x24 Drivers/STM32F4xx_HAL_Driver/Src/stm32f4xx_hal_cortex.o
                0x08000b10                HAL_NVIC_SetPriorityGrouping
 .text.HAL_NVIC_SetPriority
                0x08000b34       0x64 Drivers/STM32F4xx_HAL_Driver/Src/stm32f4xx_hal_cortex.o
                0x08000b34                HAL_NVIC_SetPriority
 .text.HAL_NVIC_EnableIRQ
                0x08000b98       0x18 Drivers/STM32F4xx_HAL_Driver/Src/stm32f4xx_hal_cortex.o
                0x08000b98                HAL_NVIC_EnableIRQ
 .text.HAL_SYSTICK_Config
                0x08000bb0       0x2c Drivers/STM32F4xx_HAL_Driver/Src/stm32f4xx_hal_cortex.o
                0x08000bb0                HAL_SYSTICK_Config
 .text.HAL_SYSTICK_CLKSourceConfig
                0x08000bdc       0x20 Drivers/STM32F4xx_HAL_Driver/Src/stm32f4xx_hal_cortex.o
                0x08000bdc                HAL_SYSTICK_CLKSourceConfig
 .text.HAL_SYSTICK_Callback
                0x08000bfc        0x2 Drivers/STM32F4xx_HAL_Driver/Src/stm32f4xx_hal_cortex.o
                0x08000bfc                HAL_SYSTICK_Callback
 .text.HAL_SYSTICK_IRQHandler
                0x08000bfe        0x8 Drivers/STM32F4xx_HAL_Driver/Src/stm32f4xx_hal_cortex.o
                0x08000bfe                HAL_SYSTICK_IRQHandler
 *fill*         0x08000c06        0x2 
 .text.HAL_GPIO_Init
                0x08000c08      0x1cc Drivers/STM32F4xx_HAL_Driver/Src/stm32f4xx_hal_gpio.o
                0x08000c08                HAL_GPIO_Init
 .text.HAL_GPIO_ReadPin
                0x08000dd4        0xe Drivers/STM32F4xx_HAL_Driver/Src/stm32f4xx_hal_gpio.o
                0x08000dd4                HAL_GPIO_ReadPin
 .text.HAL_GPIO_WritePin
                0x08000de2        0xc Drivers/STM32F4xx_HAL_Driver/Src/stm32f4xx_hal_gpio.o
                0x08000de2                HAL_GPIO_WritePin
 .text.HAL_GPIO_TogglePin
                0x08000dee        0x8 Drivers/STM32F4xx_HAL_Driver/Src/stm32f4xx_hal_gpio.o
                0x08000dee                HAL_GPIO_TogglePin
 *fill*         0x08000df6        0x2 
 .text.HAL_RCC_OscConfig
                0x08000df8      0x378 Drivers/STM32F4xx_HAL_Driver/Src/stm32f4xx_hal_rcc.o
                0x08000df8                HAL_RCC_OscConfig
 .text.HAL_RCC_GetSysClockFreq
                0x08001170       0xd4 Drivers/STM32F4xx_HAL_Driver/Src/stm32f4xx_hal_rcc.o
                0x08001170                HAL_RCC_GetSysClockFreq
 .text.HAL_RCC_ClockConfig
                0x08001244      0x158 Drivers/STM32F4xx_HAL_Driver/Src/stm32f4xx_hal_rcc.o
                0x08001244                HAL_RCC_ClockConfig
 .text.HAL_RCC_GetHCLKFreq
                0x0800139c        0xc Drivers/STM32F4xx_HAL_Driver/Src/stm32f4xx_hal_rcc.o
                0x0800139c                HAL_RCC_GetHCLKFreq
 .text.MX_GPIO_Init
                0x080013a8      0x21c Src/main.o
 .text.writeStep
                0x080015c4       0x34 Src/main.o
                0x080015c4                writeStep
 .text.setDirection
                0x080015f8       0x40 Src/main.o
                0x080015f8                setDirection
 .text.stepper  0x08001638       0x30 Src/main.o
                0x08001638                stepper
 .text.GetTimeStamp
                0x08001668       0x20 Src/main.o
                0x08001668                GetTimeStamp
 .text.rotate   0x08001688       0x50 Src/main.o
                0x08001688                rotate
 .text.openMarn
                0x080016d8       0x2c Src/main.o
                0x080016d8                openMarn
 .text.closeMarn
                0x08001704       0x2c Src/main.o
                0x08001704                closeMarn
 .text._Error_Handler
                0x08001730        0x2 Src/main.o
                0x08001730                _Error_Handler
 *fill*         0x08001732        0x2 
 .text.MX_ADC1_Init
                0x08001734       0x6c Src/main.o
 .text.SystemClock_Config
                0x080017a0       0xc8 Src/main.o
                0x080017a0                SystemClock_Config
 .text.main     0x08001868      0x138 Src/main.o
                0x08001868                main
 .text.HAL_MspInit
                0x080019a0       0x5e Src/stm32f4xx_hal_msp.o
                0x080019a0                HAL_MspInit
 *fill*         0x080019fe        0x2 
 .text.HAL_ADC_MspInit
                0x08001a00       0x58 Src/stm32f4xx_hal_msp.o
                0x08001a00                HAL_ADC_MspInit
 .text.SysTick_Handler
                0x08001a58        0xc Src/stm32f4xx_it.o
                0x08001a58                SysTick_Handler
 .text.ADC_IRQHandler
                0x08001a64       0x10 Src/stm32f4xx_it.o
                0x08001a64                ADC_IRQHandler
 .text.SystemInit
                0x08001a74       0x4c Src/system_stm32f4xx.o
                0x08001a74                SystemInit
 .text.Reset_Handler
                0x08001ac0       0x50 startup/startup_stm32f407xx.o
                0x08001ac0                Reset_Handler
 .text.Default_Handler
                0x08001b10        0x2 startup/startup_stm32f407xx.o
                0x08001b10                RTC_Alarm_IRQHandler
                0x08001b10                HASH_RNG_IRQHandler
                0x08001b10                EXTI2_IRQHandler
                0x08001b10                TIM8_CC_IRQHandler
                0x08001b10                DebugMon_Handler
                0x08001b10                TIM1_CC_IRQHandler
                0x08001b10                DMA2_Stream5_IRQHandler
                0x08001b10                HardFault_Handler
                0x08001b10                DMA1_Stream5_IRQHandler
                0x08001b10                PVD_IRQHandler
                0x08001b10                SDIO_IRQHandler
                0x08001b10                TAMP_STAMP_IRQHandler
                0x08001b10                PendSV_Handler
                0x08001b10                NMI_Handler
                0x08001b10                CAN2_RX1_IRQHandler
                0x08001b10                EXTI3_IRQHandler
                0x08001b10                TIM8_TRG_COM_TIM14_IRQHandler
                0x08001b10                TIM1_UP_TIM10_IRQHandler
                0x08001b10                TIM8_UP_TIM13_IRQHandler
                0x08001b10                I2C3_ER_IRQHandler
                0x08001b10                EXTI0_IRQHandler
                0x08001b10                I2C2_EV_IRQHandler
                0x08001b10                DMA1_Stream2_IRQHandler
                0x08001b10                CAN1_RX0_IRQHandler
                0x08001b10                FPU_IRQHandler
                0x08001b10                OTG_HS_WKUP_IRQHandler
                0x08001b10                UsageFault_Handler
                0x08001b10                CAN2_SCE_IRQHandler
                0x08001b10                DMA2_Stream2_IRQHandler
                0x08001b10                SPI1_IRQHandler
                0x08001b10                TIM6_DAC_IRQHandler
                0x08001b10                TIM1_BRK_TIM9_IRQHandler
                0x08001b10                DCMI_IRQHandler
                0x08001b10                CAN2_RX0_IRQHandler
                0x08001b10                DMA2_Stream3_IRQHandler
                0x08001b10                USART6_IRQHandler
                0x08001b10                USART3_IRQHandler
                0x08001b10                CAN1_RX1_IRQHandler
                0x08001b10                UART5_IRQHandler
                0x08001b10                DMA2_Stream0_IRQHandler
                0x08001b10                TIM4_IRQHandler
                0x08001b10                I2C1_EV_IRQHandler
                0x08001b10                DMA1_Stream6_IRQHandler
                0x08001b10                DMA1_Stream1_IRQHandler
                0x08001b10                UART4_IRQHandler
                0x08001b10                TIM3_IRQHandler
                0x08001b10                RCC_IRQHandler
                0x08001b10                TIM8_BRK_TIM12_IRQHandler
                0x08001b10                Default_Handler
                0x08001b10                EXTI15_10_IRQHandler
                0x08001b10                DMA1_Stream7_IRQHandler
                0x08001b10                TIM7_IRQHandler
                0x08001b10                CAN2_TX_IRQHandler
                0x08001b10                TIM5_IRQHandler
                0x08001b10                DMA2_Stream7_IRQHandler
                0x08001b10                I2C3_EV_IRQHandler
                0x08001b10                EXTI9_5_IRQHandler
                0x08001b10                RTC_WKUP_IRQHandler
                0x08001b10                ETH_WKUP_IRQHandler
                0x08001b10                SPI2_IRQHandler
                0x08001b10                OTG_HS_EP1_IN_IRQHandler
                0x08001b10                MemManage_Handler
                0x08001b10                DMA1_Stream0_IRQHandler
                0x08001b10                CAN1_TX_IRQHandler
                0x08001b10                SVC_Handler
                0x08001b10                EXTI4_IRQHandler
                0x08001b10                FSMC_IRQHandler
                0x08001b10                ETH_IRQHandler
                0x08001b10                OTG_HS_EP1_OUT_IRQHandler
                0x08001b10                WWDG_IRQHandler
                0x08001b10                TIM2_IRQHandler
                0x08001b10                OTG_FS_WKUP_IRQHandler
                0x08001b10                TIM1_TRG_COM_TIM11_IRQHandler
                0x08001b10                OTG_HS_IRQHandler
                0x08001b10                EXTI1_IRQHandler
                0x08001b10                USART2_IRQHandler
                0x08001b10                I2C2_ER_IRQHandler
                0x08001b10                DMA2_Stream1_IRQHandler
                0x08001b10                CAN1_SCE_IRQHandler
                0x08001b10                FLASH_IRQHandler
                0x08001b10                DMA2_Stream4_IRQHandler
                0x08001b10                BusFault_Handler
                0x08001b10                USART1_IRQHandler
                0x08001b10                OTG_FS_IRQHandler
                0x08001b10                SPI3_IRQHandler
                0x08001b10                DMA1_Stream4_IRQHandler
                0x08001b10                I2C1_ER_IRQHandler
                0x08001b10                DMA2_Stream6_IRQHandler
                0x08001b10                DMA1_Stream3_IRQHandler
 *fill*         0x08001b12        0x2 
 .text.__libc_init_array
                0x08001b14       0x48 c:/users/peace/.p2/pool/plugins/fr.ac6.mcu.externaltools.arm-none.win32_1.15.0.201708311556/tools/compiler/bin/../lib/gcc/arm-none-eabi/6.3.1/../../../../arm-none-eabi/lib/thumb/v7e-m/fpv4-sp/hard\libc_nano.a(lib_a-init.o)
                0x08001b14                __libc_init_array
 .text.gettimeofday
                0x08001b5c       0x10 c:/users/peace/.p2/pool/plugins/fr.ac6.mcu.externaltools.arm-none.win32_1.15.0.201708311556/tools/compiler/bin/../lib/gcc/arm-none-eabi/6.3.1/../../../../arm-none-eabi/lib/thumb/v7e-m/fpv4-sp/hard\libc_nano.a(lib_a-sysgettod.o)
                0x08001b5c                gettimeofday
 .text._gettimeofday_r
                0x08001b6c       0x24 c:/users/peace/.p2/pool/plugins/fr.ac6.mcu.externaltools.arm-none.win32_1.15.0.201708311556/tools/compiler/bin/../lib/gcc/arm-none-eabi/6.3.1/../../../../arm-none-eabi/lib/thumb/v7e-m/fpv4-sp/hard\libc_nano.a(lib_a-gettimeofdayr.o)
                0x08001b6c                _gettimeofday_r
 .text._gettimeofday
                0x08001b90       0x10 c:/users/peace/.p2/pool/plugins/fr.ac6.mcu.externaltools.arm-none.win32_1.15.0.201708311556/tools/compiler/bin/../lib/gcc/arm-none-eabi/6.3.1/../../../../arm-none-eabi/lib/thumb/v7e-m/fpv4-sp/hard\libnosys.a(gettod.o)
                0x08001b90                _gettimeofday
 *(.glue_7)
 .glue_7        0x08001ba0        0x0 linker stubs
 *(.glue_7t)
 .glue_7t       0x08001ba0        0x0 linker stubs
 *(.eh_frame)
 .eh_frame      0x08001ba0        0x0 c:/users/peace/.p2/pool/plugins/fr.ac6.mcu.externaltools.arm-none.win32_1.15.0.201708311556/tools/compiler/bin/../lib/gcc/arm-none-eabi/6.3.1/thumb/v7e-m/fpv4-sp/hard/crtbegin.o
 *(.init)
 .init          0x08001ba0        0x4 c:/users/peace/.p2/pool/plugins/fr.ac6.mcu.externaltools.arm-none.win32_1.15.0.201708311556/tools/compiler/bin/../lib/gcc/arm-none-eabi/6.3.1/thumb/v7e-m/fpv4-sp/hard/crti.o
                0x08001ba0                _init
 .init          0x08001ba4        0x8 c:/users/peace/.p2/pool/plugins/fr.ac6.mcu.externaltools.arm-none.win32_1.15.0.201708311556/tools/compiler/bin/../lib/gcc/arm-none-eabi/6.3.1/thumb/v7e-m/fpv4-sp/hard/crtn.o
 *(.fini)
 .fini          0x08001bac        0x4 c:/users/peace/.p2/pool/plugins/fr.ac6.mcu.externaltools.arm-none.win32_1.15.0.201708311556/tools/compiler/bin/../lib/gcc/arm-none-eabi/6.3.1/thumb/v7e-m/fpv4-sp/hard/crti.o
                0x08001bac                _fini
 .fini          0x08001bb0        0x8 c:/users/peace/.p2/pool/plugins/fr.ac6.mcu.externaltools.arm-none.win32_1.15.0.201708311556/tools/compiler/bin/../lib/gcc/arm-none-eabi/6.3.1/thumb/v7e-m/fpv4-sp/hard/crtn.o
                0x08001bb8                . = ALIGN (0x4)
                0x08001bb8                _etext = .

.vfp11_veneer   0x08001bb8        0x0
 .vfp11_veneer  0x08001bb8        0x0 linker stubs

.v4_bx          0x08001bb8        0x0
 .v4_bx         0x08001bb8        0x0 linker stubs

.iplt           0x08001bb8        0x0
 .iplt          0x08001bb8        0x0 c:/users/peace/.p2/pool/plugins/fr.ac6.mcu.externaltools.arm-none.win32_1.15.0.201708311556/tools/compiler/bin/../lib/gcc/arm-none-eabi/6.3.1/thumb/v7e-m/fpv4-sp/hard/crtbegin.o

.rodata         0x08001bb8       0xc0
                0x08001bb8                . = ALIGN (0x4)
 *(.rodata)
 .rodata        0x08001bb8       0x98 Src/main.o
                0x08001bb8                stepsMatrix
                0x08001c38                arrayDefault
                0x08001c48                STEPTIME
                0x08001c4c                NBSTEPS
 .rodata        0x08001c50       0x18 Src/system_stm32f4xx.o
                0x08001c50                AHBPrescTable
                0x08001c60                APBPrescTable
 *(.rodata*)
 .rodata.str1.4
                0x08001c68       0x10 Src/main.o
                                  0xe (size before relaxing)
                0x08001c78                . = ALIGN (0x4)

.ARM.extab
 *(.ARM.extab* .gnu.linkonce.armextab.*)

.ARM            0x08001c78        0x8
                0x08001c78                __exidx_start = .
 *(.ARM.exidx*)
 .ARM.exidx     0x08001c78        0x8 c:/users/peace/.p2/pool/plugins/fr.ac6.mcu.externaltools.arm-none.win32_1.15.0.201708311556/tools/compiler/bin/../lib/gcc/arm-none-eabi/6.3.1/thumb/v7e-m/fpv4-sp/hard\libgcc.a(_udivmoddi4.o)
                0x08001c80                __exidx_end = .

.rel.dyn        0x08001c80        0x0
 .rel.iplt      0x08001c80        0x0 c:/users/peace/.p2/pool/plugins/fr.ac6.mcu.externaltools.arm-none.win32_1.15.0.201708311556/tools/compiler/bin/../lib/gcc/arm-none-eabi/6.3.1/thumb/v7e-m/fpv4-sp/hard/crtbegin.o

.preinit_array  0x08001c80        0x0
                0x08001c80                PROVIDE (__preinit_array_start, .)
 *(.preinit_array*)
                0x08001c80                PROVIDE (__preinit_array_end, .)

.init_array     0x08001c80        0x4
                0x08001c80                PROVIDE (__init_array_start, .)
 *(SORT(.init_array.*))
 *(.init_array*)
 .init_array    0x08001c80        0x4 c:/users/peace/.p2/pool/plugins/fr.ac6.mcu.externaltools.arm-none.win32_1.15.0.201708311556/tools/compiler/bin/../lib/gcc/arm-none-eabi/6.3.1/thumb/v7e-m/fpv4-sp/hard/crtbegin.o
                0x08001c84                PROVIDE (__init_array_end, .)

.fini_array     0x08001c84        0x4
                [!provide]                PROVIDE (__fini_array_start, .)
 *(SORT(.fini_array.*))
 *(.fini_array*)
 .fini_array    0x08001c84        0x4 c:/users/peace/.p2/pool/plugins/fr.ac6.mcu.externaltools.arm-none.win32_1.15.0.201708311556/tools/compiler/bin/../lib/gcc/arm-none-eabi/6.3.1/thumb/v7e-m/fpv4-sp/hard/crtbegin.o
                [!provide]                PROVIDE (__fini_array_end, .)
                0x08001c88                _sidata = LOADADDR (.data)

.data           0x20000000       0x74 load address 0x08001c88
                0x20000000                . = ALIGN (0x4)
                0x20000000                _sdata = .
 *(.data)
 .data          0x20000000        0xc Src/main.o
                0x20000000                Clockwise
                0x20000004                CLOSED_DISTANCE
                0x20000008                LDR_th
 .data          0x2000000c        0x4 Src/system_stm32f4xx.o
                0x2000000c                SystemCoreClock
 *(.data*)
 .data._impure_ptr
                0x20000010        0x4 c:/users/peace/.p2/pool/plugins/fr.ac6.mcu.externaltools.arm-none.win32_1.15.0.201708311556/tools/compiler/bin/../lib/gcc/arm-none-eabi/6.3.1/../../../../arm-none-eabi/lib/thumb/v7e-m/fpv4-sp/hard\libc_nano.a(lib_a-impure.o)
                0x20000010                _impure_ptr
 .data.impure_data
                0x20000014       0x60 c:/users/peace/.p2/pool/plugins/fr.ac6.mcu.externaltools.arm-none.win32_1.15.0.201708311556/tools/compiler/bin/../lib/gcc/arm-none-eabi/6.3.1/../../../../arm-none-eabi/lib/thumb/v7e-m/fpv4-sp/hard\libc_nano.a(lib_a-impure.o)
                0x20000074                . = ALIGN (0x4)
                0x20000074                _edata = .
                0x08001cfc                _siccmram = LOADADDR (.ccmram)

.jcr            0x20000074        0x0 load address 0x08001cfc
 .jcr           0x20000074        0x0 c:/users/peace/.p2/pool/plugins/fr.ac6.mcu.externaltools.arm-none.win32_1.15.0.201708311556/tools/compiler/bin/../lib/gcc/arm-none-eabi/6.3.1/thumb/v7e-m/fpv4-sp/hard/crtbegin.o

.igot.plt       0x20000074        0x0 load address 0x08001cfc
 .igot.plt      0x20000074        0x0 c:/users/peace/.p2/pool/plugins/fr.ac6.mcu.externaltools.arm-none.win32_1.15.0.201708311556/tools/compiler/bin/../lib/gcc/arm-none-eabi/6.3.1/thumb/v7e-m/fpv4-sp/hard/crtbegin.o

.ccmram         0x10000000        0x0 load address 0x08001cfc
                0x10000000                . = ALIGN (0x4)
                0x10000000                _sccmram = .
 *(.ccmram)
 *(.ccmram*)
                0x10000000                . = ALIGN (0x4)
                0x10000000                _eccmram = .
                0x10000000                . = ALIGN (0x4)

.bss            0x20000074       0xc0
                0x20000074                _sbss = .
                0x20000074                __bss_start__ = _sbss
 *(.bss)
 .bss           0x20000074       0x1c c:/users/peace/.p2/pool/plugins/fr.ac6.mcu.externaltools.arm-none.win32_1.15.0.201708311556/tools/compiler/bin/../lib/gcc/arm-none-eabi/6.3.1/thumb/v7e-m/fpv4-sp/hard/crtbegin.o
 .bss           0x20000090       0x14 Src/main.o
                0x20000090                Step
                0x20000094                time1
                0x20000098                lastTime
                0x2000009c                distance
                0x200000a0                OPENED_DISTANCE
 *(.bss*)
 *(COMMON)
 COMMON         0x200000a4        0x4 Drivers/STM32F4xx_HAL_Driver/Src/stm32f4xx_hal.o
                0x200000a4                uwTick
 COMMON         0x200000a8       0x88 Src/main.o
                0x200000a8                hadc1
                0x200000f0                huart2
 COMMON         0x20000130        0x4 c:/users/peace/.p2/pool/plugins/fr.ac6.mcu.externaltools.arm-none.win32_1.15.0.201708311556/tools/compiler/bin/../lib/gcc/arm-none-eabi/6.3.1/../../../../arm-none-eabi/lib/thumb/v7e-m/fpv4-sp/hard\libc_nano.a(lib_a-reent.o)
                0x20000130                errno
                0x20000134                . = ALIGN (0x4)
                0x20000134                _ebss = .
                0x20000134                __bss_end__ = _ebss

._user_heap_stack
                0x20000134      0x604
                0x20000138                . = ALIGN (0x8)
 *fill*         0x20000134        0x4 
                0x20000138                PROVIDE (end, .)
                [!provide]                PROVIDE (_end, .)
                0x20000338                . = (. + _Min_Heap_Size)
 *fill*         0x20000138      0x200 
                0x20000738                . = (. + _Min_Stack_Size)
 *fill*         0x20000338      0x400 
                0x20000738                . = ALIGN (0x8)

/DISCARD/
 libc.a(*)
 libm.a(*)
 libgcc.a(*)

.ARM.attributes
                0x00000000       0x30
 *(.ARM.attributes)
 .ARM.attributes
                0x00000000       0x22 c:/users/peace/.p2/pool/plugins/fr.ac6.mcu.externaltools.arm-none.win32_1.15.0.201708311556/tools/compiler/bin/../lib/gcc/arm-none-eabi/6.3.1/thumb/v7e-m/fpv4-sp/hard/crti.o
 .ARM.attributes
                0x00000022       0x34 c:/users/peace/.p2/pool/plugins/fr.ac6.mcu.externaltools.arm-none.win32_1.15.0.201708311556/tools/compiler/bin/../lib/gcc/arm-none-eabi/6.3.1/thumb/v7e-m/fpv4-sp/hard/crtbegin.o
 .ARM.attributes
                0x00000056       0x39 Drivers/STM32F4xx_HAL_Driver/Src/stm32f4xx_hal.o
 .ARM.attributes
                0x0000008f       0x39 Drivers/STM32F4xx_HAL_Driver/Src/stm32f4xx_hal_adc.o
 .ARM.attributes
                0x000000c8       0x39 Drivers/STM32F4xx_HAL_Driver/Src/stm32f4xx_hal_adc_ex.o
 .ARM.attributes
                0x00000101       0x39 Drivers/STM32F4xx_HAL_Driver/Src/stm32f4xx_hal_cortex.o
 .ARM.attributes
                0x0000013a       0x39 Drivers/STM32F4xx_HAL_Driver/Src/stm32f4xx_hal_gpio.o
 .ARM.attributes
                0x00000173       0x39 Drivers/STM32F4xx_HAL_Driver/Src/stm32f4xx_hal_rcc.o
 .ARM.attributes
                0x000001ac       0x39 Src/main.o
 .ARM.attributes
                0x000001e5       0x39 Src/stm32f4xx_hal_msp.o
 .ARM.attributes
                0x0000021e       0x39 Src/stm32f4xx_it.o
 .ARM.attributes
                0x00000257       0x39 Src/system_stm32f4xx.o
 .ARM.attributes
                0x00000290       0x21 startup/startup_stm32f407xx.o
 .ARM.attributes
                0x000002b1       0x22 c:/users/peace/.p2/pool/plugins/fr.ac6.mcu.externaltools.arm-none.win32_1.15.0.201708311556/tools/compiler/bin/../lib/gcc/arm-none-eabi/6.3.1/thumb/v7e-m/fpv4-sp/hard\libgcc.a(_aeabi_uldivmod.o)
 .ARM.attributes
                0x000002d3       0x34 c:/users/peace/.p2/pool/plugins/fr.ac6.mcu.externaltools.arm-none.win32_1.15.0.201708311556/tools/compiler/bin/../lib/gcc/arm-none-eabi/6.3.1/thumb/v7e-m/fpv4-sp/hard\libgcc.a(_udivmoddi4.o)
 .ARM.attributes
                0x00000307       0x22 c:/users/peace/.p2/pool/plugins/fr.ac6.mcu.externaltools.arm-none.win32_1.15.0.201708311556/tools/compiler/bin/../lib/gcc/arm-none-eabi/6.3.1/thumb/v7e-m/fpv4-sp/hard\libgcc.a(_dvmd_tls.o)
 .ARM.attributes
                0x00000329       0x34 c:/users/peace/.p2/pool/plugins/fr.ac6.mcu.externaltools.arm-none.win32_1.15.0.201708311556/tools/compiler/bin/../lib/gcc/arm-none-eabi/6.3.1/../../../../arm-none-eabi/lib/thumb/v7e-m/fpv4-sp/hard\libc_nano.a(lib_a-impure.o)
 .ARM.attributes
                0x0000035d       0x34 c:/users/peace/.p2/pool/plugins/fr.ac6.mcu.externaltools.arm-none.win32_1.15.0.201708311556/tools/compiler/bin/../lib/gcc/arm-none-eabi/6.3.1/../../../../arm-none-eabi/lib/thumb/v7e-m/fpv4-sp/hard\libc_nano.a(lib_a-init.o)
 .ARM.attributes
                0x00000391       0x34 c:/users/peace/.p2/pool/plugins/fr.ac6.mcu.externaltools.arm-none.win32_1.15.0.201708311556/tools/compiler/bin/../lib/gcc/arm-none-eabi/6.3.1/../../../../arm-none-eabi/lib/thumb/v7e-m/fpv4-sp/hard\libc_nano.a(lib_a-sysgettod.o)
 .ARM.attributes
                0x000003c5       0x34 c:/users/peace/.p2/pool/plugins/fr.ac6.mcu.externaltools.arm-none.win32_1.15.0.201708311556/tools/compiler/bin/../lib/gcc/arm-none-eabi/6.3.1/../../../../arm-none-eabi/lib/thumb/v7e-m/fpv4-sp/hard\libc_nano.a(lib_a-gettimeofdayr.o)
 .ARM.attributes
                0x000003f9       0x34 c:/users/peace/.p2/pool/plugins/fr.ac6.mcu.externaltools.arm-none.win32_1.15.0.201708311556/tools/compiler/bin/../lib/gcc/arm-none-eabi/6.3.1/../../../../arm-none-eabi/lib/thumb/v7e-m/fpv4-sp/hard\libc_nano.a(lib_a-reent.o)
 .ARM.attributes
                0x0000042d       0x34 c:/users/peace/.p2/pool/plugins/fr.ac6.mcu.externaltools.arm-none.win32_1.15.0.201708311556/tools/compiler/bin/../lib/gcc/arm-none-eabi/6.3.1/../../../../arm-none-eabi/lib/thumb/v7e-m/fpv4-sp/hard\libnosys.a(gettod.o)
 .ARM.attributes
                0x00000461       0x22 c:/users/peace/.p2/pool/plugins/fr.ac6.mcu.externaltools.arm-none.win32_1.15.0.201708311556/tools/compiler/bin/../lib/gcc/arm-none-eabi/6.3.1/thumb/v7e-m/fpv4-sp/hard/crtn.o
OUTPUT(l2.elf elf32-littlearm)

.debug_info     0x00000000     0xc933
 .debug_info    0x00000000     0x1118 Drivers/STM32F4xx_HAL_Driver/Src/stm32f4xx_hal.o
 .debug_info    0x00001118     0x15da Drivers/STM32F4xx_HAL_Driver/Src/stm32f4xx_hal_adc.o
 .debug_info    0x000026f2     0x13f6 Drivers/STM32F4xx_HAL_Driver/Src/stm32f4xx_hal_adc_ex.o
 .debug_info    0x00003ae8     0x175a Drivers/STM32F4xx_HAL_Driver/Src/stm32f4xx_hal_cortex.o
 .debug_info    0x00005242      0xf97 Drivers/STM32F4xx_HAL_Driver/Src/stm32f4xx_hal_gpio.o
 .debug_info    0x000061d9     0x123a Drivers/STM32F4xx_HAL_Driver/Src/stm32f4xx_hal_rcc.o
 .debug_info    0x00007413     0x220a Src/main.o
 .debug_info    0x0000961d     0x1748 Src/stm32f4xx_hal_msp.o
 .debug_info    0x0000ad65      0xe20 Src/stm32f4xx_it.o
 .debug_info    0x0000bb85      0xd30 Src/system_stm32f4xx.o
 .debug_info    0x0000c8b5       0x7e startup/startup_stm32f407xx.o

.debug_abbrev   0x00000000     0x1c54
 .debug_abbrev  0x00000000      0x2f2 Drivers/STM32F4xx_HAL_Driver/Src/stm32f4xx_hal.o
 .debug_abbrev  0x000002f2      0x2da Drivers/STM32F4xx_HAL_Driver/Src/stm32f4xx_hal_adc.o
 .debug_abbrev  0x000005cc      0x316 Drivers/STM32F4xx_HAL_Driver/Src/stm32f4xx_hal_adc_ex.o
 .debug_abbrev  0x000008e2      0x3d4 Drivers/STM32F4xx_HAL_Driver/Src/stm32f4xx_hal_cortex.o
 .debug_abbrev  0x00000cb6      0x2a5 Drivers/STM32F4xx_HAL_Driver/Src/stm32f4xx_hal_gpio.o
 .debug_abbrev  0x00000f5b      0x328 Drivers/STM32F4xx_HAL_Driver/Src/stm32f4xx_hal_rcc.o
 .debug_abbrev  0x00001283      0x361 Src/main.o
 .debug_abbrev  0x000015e4      0x252 Src/stm32f4xx_hal_msp.o
 .debug_abbrev  0x00001836      0x207 Src/stm32f4xx_it.o
 .debug_abbrev  0x00001a3d      0x205 Src/system_stm32f4xx.o
 .debug_abbrev  0x00001c42       0x12 startup/startup_stm32f407xx.o

.debug_loc      0x00000000     0x2337
 .debug_loc     0x00000000       0x69 Drivers/STM32F4xx_HAL_Driver/Src/stm32f4xx_hal.o
 .debug_loc     0x00000069      0x95e Drivers/STM32F4xx_HAL_Driver/Src/stm32f4xx_hal_adc.o
 .debug_loc     0x000009c7      0x940 Drivers/STM32F4xx_HAL_Driver/Src/stm32f4xx_hal_adc_ex.o
 .debug_loc     0x00001307      0x5ce Drivers/STM32F4xx_HAL_Driver/Src/stm32f4xx_hal_cortex.o
 .debug_loc     0x000018d5      0x3fd Drivers/STM32F4xx_HAL_Driver/Src/stm32f4xx_hal_gpio.o
 .debug_loc     0x00001cd2      0x378 Drivers/STM32F4xx_HAL_Driver/Src/stm32f4xx_hal_rcc.o
 .debug_loc     0x0000204a       0xf9 Src/main.o
 .debug_loc     0x00002143       0xb6 Src/stm32f4xx_hal_msp.o
 .debug_loc     0x000021f9      0x13e Src/system_stm32f4xx.o

.debug_aranges  0x00000000      0x4f8
 .debug_aranges
                0x00000000       0xc8 Drivers/STM32F4xx_HAL_Driver/Src/stm32f4xx_hal.o
 .debug_aranges
                0x000000c8       0xe8 Drivers/STM32F4xx_HAL_Driver/Src/stm32f4xx_hal_adc.o
 .debug_aranges
                0x000001b0       0x90 Drivers/STM32F4xx_HAL_Driver/Src/stm32f4xx_hal_adc_ex.o
 .debug_aranges
                0x00000240       0xa8 Drivers/STM32F4xx_HAL_Driver/Src/stm32f4xx_hal_cortex.o
 .debug_aranges
                0x000002e8       0x58 Drivers/STM32F4xx_HAL_Driver/Src/stm32f4xx_hal_gpio.o
 .debug_aranges
                0x00000340       0x88 Drivers/STM32F4xx_HAL_Driver/Src/stm32f4xx_hal_rcc.o
 .debug_aranges
                0x000003c8       0x78 Src/main.o
 .debug_aranges
                0x00000440       0x40 Src/stm32f4xx_hal_msp.o
 .debug_aranges
                0x00000480       0x28 Src/stm32f4xx_it.o
 .debug_aranges
                0x000004a8       0x28 Src/system_stm32f4xx.o
 .debug_aranges
                0x000004d0       0x28 startup/startup_stm32f407xx.o

.debug_ranges   0x00000000      0x4c8
 .debug_ranges  0x00000000       0xb8 Drivers/STM32F4xx_HAL_Driver/Src/stm32f4xx_hal.o
 .debug_ranges  0x000000b8       0xd8 Drivers/STM32F4xx_HAL_Driver/Src/stm32f4xx_hal_adc.o
 .debug_ranges  0x00000190       0x80 Drivers/STM32F4xx_HAL_Driver/Src/stm32f4xx_hal_adc_ex.o
 .debug_ranges  0x00000210       0xf8 Drivers/STM32F4xx_HAL_Driver/Src/stm32f4xx_hal_cortex.o
 .debug_ranges  0x00000308       0x48 Drivers/STM32F4xx_HAL_Driver/Src/stm32f4xx_hal_gpio.o
 .debug_ranges  0x00000350       0x78 Drivers/STM32F4xx_HAL_Driver/Src/stm32f4xx_hal_rcc.o
 .debug_ranges  0x000003c8       0x80 Src/main.o
 .debug_ranges  0x00000448       0x30 Src/stm32f4xx_hal_msp.o
 .debug_ranges  0x00000478       0x18 Src/stm32f4xx_it.o
 .debug_ranges  0x00000490       0x18 Src/system_stm32f4xx.o
 .debug_ranges  0x000004a8       0x20 startup/startup_stm32f407xx.o

.debug_macro    0x00000000    0x209bb
 .debug_macro   0x00000000      0x379 Drivers/STM32F4xx_HAL_Driver/Src/stm32f4xx_hal.o
 .debug_macro   0x00000379      0x8bc Drivers/STM32F4xx_HAL_Driver/Src/stm32f4xx_hal.o
 .debug_macro   0x00000c35      0x19d Drivers/STM32F4xx_HAL_Driver/Src/stm32f4xx_hal.o
 .debug_macro   0x00000dd2      0x180 Drivers/STM32F4xx_HAL_Driver/Src/stm32f4xx_hal.o
 .debug_macro   0x00000f52       0x32 Drivers/STM32F4xx_HAL_Driver/Src/stm32f4xx_hal.o
 .debug_macro   0x00000f84       0x2f Drivers/STM32F4xx_HAL_Driver/Src/stm32f4xx_hal.o
 .debug_macro   0x00000fb3       0x22 Drivers/STM32F4xx_HAL_Driver/Src/stm32f4xx_hal.o
 .debug_macro   0x00000fd5       0x87 Drivers/STM32F4xx_HAL_Driver/Src/stm32f4xx_hal.o
 .debug_macro   0x0000105c       0x51 Drivers/STM32F4xx_HAL_Driver/Src/stm32f4xx_hal.o
 .debug_macro   0x000010ad       0xef Drivers/STM32F4xx_HAL_Driver/Src/stm32f4xx_hal.o
 .debug_macro   0x0000119c       0x6a Drivers/STM32F4xx_HAL_Driver/Src/stm32f4xx_hal.o
 .debug_macro   0x00001206      0x1df Drivers/STM32F4xx_HAL_Driver/Src/stm32f4xx_hal.o
 .debug_macro   0x000013e5       0x35 Drivers/STM32F4xx_HAL_Driver/Src/stm32f4xx_hal.o
 .debug_macro   0x0000141a       0x50 Drivers/STM32F4xx_HAL_Driver/Src/stm32f4xx_hal.o
 .debug_macro   0x0000146a      0xe66 Drivers/STM32F4xx_HAL_Driver/Src/stm32f4xx_hal.o
 .debug_macro   0x000022d0    0x15d08 Drivers/STM32F4xx_HAL_Driver/Src/stm32f4xx_hal.o
 .debug_macro   0x00017fd8       0x43 Drivers/STM32F4xx_HAL_Driver/Src/stm32f4xx_hal.o
 .debug_macro   0x0001801b     0x3535 Drivers/STM32F4xx_HAL_Driver/Src/stm32f4xx_hal.o
 .debug_macro   0x0001b550       0x58 Drivers/STM32F4xx_HAL_Driver/Src/stm32f4xx_hal.o
 .debug_macro   0x0001b5a8       0x35 Drivers/STM32F4xx_HAL_Driver/Src/stm32f4xx_hal.o
 .debug_macro   0x0001b5dd       0x9c Drivers/STM32F4xx_HAL_Driver/Src/stm32f4xx_hal.o
 .debug_macro   0x0001b679       0x16 Drivers/STM32F4xx_HAL_Driver/Src/stm32f4xx_hal.o
 .debug_macro   0x0001b68f       0x97 Drivers/STM32F4xx_HAL_Driver/Src/stm32f4xx_hal.o
 .debug_macro   0x0001b726      0x330 Drivers/STM32F4xx_HAL_Driver/Src/stm32f4xx_hal.o
 .debug_macro   0x0001ba56       0xfd Drivers/STM32F4xx_HAL_Driver/Src/stm32f4xx_hal.o
 .debug_macro   0x0001bb53       0x10 Drivers/STM32F4xx_HAL_Driver/Src/stm32f4xx_hal.o
 .debug_macro   0x0001bb63       0x58 Drivers/STM32F4xx_HAL_Driver/Src/stm32f4xx_hal.o
 .debug_macro   0x0001bbbb       0x1f Drivers/STM32F4xx_HAL_Driver/Src/stm32f4xx_hal.o
 .debug_macro   0x0001bbda       0x43 Drivers/STM32F4xx_HAL_Driver/Src/stm32f4xx_hal.o
 .debug_macro   0x0001bc1d       0x20 Drivers/STM32F4xx_HAL_Driver/Src/stm32f4xx_hal.o
 .debug_macro   0x0001bc3d      0x187 Drivers/STM32F4xx_HAL_Driver/Src/stm32f4xx_hal.o
 .debug_macro   0x0001bdc4       0x10 Drivers/STM32F4xx_HAL_Driver/Src/stm32f4xx_hal.o
 .debug_macro   0x0001bdd4       0x1c Drivers/STM32F4xx_HAL_Driver/Src/stm32f4xx_hal.o
 .debug_macro   0x0001bdf0       0x52 Drivers/STM32F4xx_HAL_Driver/Src/stm32f4xx_hal.o
 .debug_macro   0x0001be42       0x40 Drivers/STM32F4xx_HAL_Driver/Src/stm32f4xx_hal.o
 .debug_macro   0x0001be82       0x10 Drivers/STM32F4xx_HAL_Driver/Src/stm32f4xx_hal.o
 .debug_macro   0x0001be92       0x40 Drivers/STM32F4xx_HAL_Driver/Src/stm32f4xx_hal.o
 .debug_macro   0x0001bed2       0xd7 Drivers/STM32F4xx_HAL_Driver/Src/stm32f4xx_hal.o
 .debug_macro   0x0001bfa9       0x16 Drivers/STM32F4xx_HAL_Driver/Src/stm32f4xx_hal.o
 .debug_macro   0x0001bfbf      0x18b Drivers/STM32F4xx_HAL_Driver/Src/stm32f4xx_hal.o
 .debug_macro   0x0001c14a       0x50 Drivers/STM32F4xx_HAL_Driver/Src/stm32f4xx_hal.o
 .debug_macro   0x0001c19a      0x96b Drivers/STM32F4xx_HAL_Driver/Src/stm32f4xx_hal.o
 .debug_macro   0x0001cb05      0x9e6 Drivers/STM32F4xx_HAL_Driver/Src/stm32f4xx_hal.o
 .debug_macro   0x0001d4eb      0x11e Drivers/STM32F4xx_HAL_Driver/Src/stm32f4xx_hal.o
 .debug_macro   0x0001d609      0x13e Drivers/STM32F4xx_HAL_Driver/Src/stm32f4xx_hal.o
 .debug_macro   0x0001d747       0x27 Drivers/STM32F4xx_HAL_Driver/Src/stm32f4xx_hal.o
 .debug_macro   0x0001d76e      0x287 Drivers/STM32F4xx_HAL_Driver/Src/stm32f4xx_hal.o
 .debug_macro   0x0001d9f5       0x5f Drivers/STM32F4xx_HAL_Driver/Src/stm32f4xx_hal.o
 .debug_macro   0x0001da54      0x23a Drivers/STM32F4xx_HAL_Driver/Src/stm32f4xx_hal.o
 .debug_macro   0x0001dc8e      0x391 Drivers/STM32F4xx_HAL_Driver/Src/stm32f4xx_hal.o
 .debug_macro   0x0001e01f      0x176 Drivers/STM32F4xx_HAL_Driver/Src/stm32f4xx_hal.o
 .debug_macro   0x0001e195       0xf9 Drivers/STM32F4xx_HAL_Driver/Src/stm32f4xx_hal.o
 .debug_macro   0x0001e28e      0x133 Drivers/STM32F4xx_HAL_Driver/Src/stm32f4xx_hal.o
 .debug_macro   0x0001e3c1      0x21e Drivers/STM32F4xx_HAL_Driver/Src/stm32f4xx_hal.o
 .debug_macro   0x0001e5df       0x2e Drivers/STM32F4xx_HAL_Driver/Src/stm32f4xx_hal.o
 .debug_macro   0x0001e60d      0x11e Drivers/STM32F4xx_HAL_Driver/Src/stm32f4xx_hal.o
 .debug_macro   0x0001e72b       0x7f Drivers/STM32F4xx_HAL_Driver/Src/stm32f4xx_hal.o
 .debug_macro   0x0001e7aa       0x89 Drivers/STM32F4xx_HAL_Driver/Src/stm32f4xx_hal.o
 .debug_macro   0x0001e833      0x287 Drivers/STM32F4xx_HAL_Driver/Src/stm32f4xx_hal.o
 .debug_macro   0x0001eaba      0x125 Drivers/STM32F4xx_HAL_Driver/Src/stm32f4xx_hal.o
 .debug_macro   0x0001ebdf      0x31a Drivers/STM32F4xx_HAL_Driver/Src/stm32f4xx_hal_adc.o
 .debug_macro   0x0001eef9      0x319 Drivers/STM32F4xx_HAL_Driver/Src/stm32f4xx_hal_adc_ex.o
 .debug_macro   0x0001f212      0x319 Drivers/STM32F4xx_HAL_Driver/Src/stm32f4xx_hal_cortex.o
 .debug_macro   0x0001f52b      0x351 Drivers/STM32F4xx_HAL_Driver/Src/stm32f4xx_hal_gpio.o
 .debug_macro   0x0001f87c      0x33d Drivers/STM32F4xx_HAL_Driver/Src/stm32f4xx_hal_rcc.o
 .debug_macro   0x0001fbb9      0x37f Src/main.o
 .debug_macro   0x0001ff38       0x88 Src/main.o
 .debug_macro   0x0001ffc0       0x16 Src/main.o
 .debug_macro   0x0001ffd6       0x35 Src/main.o
 .debug_macro   0x0002000b       0x10 Src/main.o
 .debug_macro   0x0002001b       0x10 Src/main.o
 .debug_macro   0x0002002b       0x35 Src/main.o
 .debug_macro   0x00020060      0x319 Src/stm32f4xx_hal_msp.o
 .debug_macro   0x00020379      0x323 Src/stm32f4xx_it.o
 .debug_macro   0x0002069c      0x31f Src/system_stm32f4xx.o

.debug_line     0x00000000     0x6135
 .debug_line    0x00000000      0x980 Drivers/STM32F4xx_HAL_Driver/Src/stm32f4xx_hal.o
 .debug_line    0x00000980      0xc55 Drivers/STM32F4xx_HAL_Driver/Src/stm32f4xx_hal_adc.o
 .debug_line    0x000015d5      0xb25 Drivers/STM32F4xx_HAL_Driver/Src/stm32f4xx_hal_adc_ex.o
 .debug_line    0x000020fa      0x9ff Drivers/STM32F4xx_HAL_Driver/Src/stm32f4xx_hal_cortex.o
 .debug_line    0x00002af9      0x973 Drivers/STM32F4xx_HAL_Driver/Src/stm32f4xx_hal_gpio.o
 .debug_line    0x0000346c      0xa46 Drivers/STM32F4xx_HAL_Driver/Src/stm32f4xx_hal_rcc.o
 .debug_line    0x00003eb2      0x9a8 Src/main.o
 .debug_line    0x0000485a      0x849 Src/stm32f4xx_hal_msp.o
 .debug_line    0x000050a3      0x800 Src/stm32f4xx_it.o
 .debug_line    0x000058a3      0x813 Src/system_stm32f4xx.o
 .debug_line    0x000060b6       0x7f startup/startup_stm32f407xx.o

.debug_str      0x00000000    0xc0fe1
 .debug_str     0x00000000    0xbf5f7 Drivers/STM32F4xx_HAL_Driver/Src/stm32f4xx_hal.o
                              0xbf9bf (size before relaxing)
 .debug_str     0x000bf5f7      0x665 Drivers/STM32F4xx_HAL_Driver/Src/stm32f4xx_hal_adc.o
                              0xbf4e0 (size before relaxing)
 .debug_str     0x000bfc5c      0x2df Drivers/STM32F4xx_HAL_Driver/Src/stm32f4xx_hal_adc_ex.o
                              0xbf543 (size before relaxing)
 .debug_str     0x000bff3b      0x3a7 Drivers/STM32F4xx_HAL_Driver/Src/stm32f4xx_hal_cortex.o
                              0xbf7b7 (size before relaxing)
 .debug_str     0x000c02e2      0x287 Drivers/STM32F4xx_HAL_Driver/Src/stm32f4xx_hal_gpio.o
                              0xbf14a (size before relaxing)
 .debug_str     0x000c0569      0x36b Drivers/STM32F4xx_HAL_Driver/Src/stm32f4xx_hal_rcc.o
                              0xbf2fb (size before relaxing)
 .debug_str     0x000c08d4      0x636 Src/main.o
                              0xc008d (size before relaxing)
 .debug_str     0x000c0f0a       0x45 Src/stm32f4xx_hal_msp.o
                              0xbf9f5 (size before relaxing)
 .debug_str     0x000c0f4f       0x38 Src/stm32f4xx_it.o
                              0xbf181 (size before relaxing)
 .debug_str     0x000c0f87       0x5a Src/system_stm32f4xx.o
                              0xbef06 (size before relaxing)

.comment        0x00000000       0x7f
 .comment       0x00000000       0x7f Drivers/STM32F4xx_HAL_Driver/Src/stm32f4xx_hal.o
                                 0x80 (size before relaxing)
 .comment       0x0000007f       0x80 Drivers/STM32F4xx_HAL_Driver/Src/stm32f4xx_hal_adc.o
 .comment       0x0000007f       0x80 Drivers/STM32F4xx_HAL_Driver/Src/stm32f4xx_hal_adc_ex.o
 .comment       0x0000007f       0x80 Drivers/STM32F4xx_HAL_Driver/Src/stm32f4xx_hal_cortex.o
 .comment       0x0000007f       0x80 Drivers/STM32F4xx_HAL_Driver/Src/stm32f4xx_hal_gpio.o
 .comment       0x0000007f       0x80 Drivers/STM32F4xx_HAL_Driver/Src/stm32f4xx_hal_rcc.o
 .comment       0x0000007f       0x80 Src/main.o
 .comment       0x0000007f       0x80 Src/stm32f4xx_hal_msp.o
 .comment       0x0000007f       0x80 Src/stm32f4xx_it.o
 .comment       0x0000007f       0x80 Src/system_stm32f4xx.o

.debug_frame    0x00000000      0xce8
 .debug_frame   0x00000000      0x198 Drivers/STM32F4xx_HAL_Driver/Src/stm32f4xx_hal.o
 .debug_frame   0x00000198      0x27c Drivers/STM32F4xx_HAL_Driver/Src/stm32f4xx_hal_adc.o
 .debug_frame   0x00000414      0x18c Drivers/STM32F4xx_HAL_Driver/Src/stm32f4xx_hal_adc_ex.o
 .debug_frame   0x000005a0      0x15c Drivers/STM32F4xx_HAL_Driver/Src/stm32f4xx_hal_cortex.o
 .debug_frame   0x000006fc       0xd0 Drivers/STM32F4xx_HAL_Driver/Src/stm32f4xx_hal_gpio.o
 .debug_frame   0x000007cc      0x170 Drivers/STM32F4xx_HAL_Driver/Src/stm32f4xx_hal_rcc.o
 .debug_frame   0x0000093c      0x154 Src/main.o
 .debug_frame   0x00000a90       0x94 Src/stm32f4xx_hal_msp.o
 .debug_frame   0x00000b24       0x40 Src/stm32f4xx_it.o
 .debug_frame   0x00000b64       0x30 Src/system_stm32f4xx.o
 .debug_frame   0x00000b94       0x2c c:/users/peace/.p2/pool/plugins/fr.ac6.mcu.externaltools.arm-none.win32_1.15.0.201708311556/tools/compiler/bin/../lib/gcc/arm-none-eabi/6.3.1/thumb/v7e-m/fpv4-sp/hard\libgcc.a(_aeabi_uldivmod.o)
 .debug_frame   0x00000bc0       0x34 c:/users/peace/.p2/pool/plugins/fr.ac6.mcu.externaltools.arm-none.win32_1.15.0.201708311556/tools/compiler/bin/../lib/gcc/arm-none-eabi/6.3.1/thumb/v7e-m/fpv4-sp/hard\libgcc.a(_udivmoddi4.o)
 .debug_frame   0x00000bf4       0x2c c:/users/peace/.p2/pool/plugins/fr.ac6.mcu.externaltools.arm-none.win32_1.15.0.201708311556/tools/compiler/bin/../lib/gcc/arm-none-eabi/6.3.1/../../../../arm-none-eabi/lib/thumb/v7e-m/fpv4-sp/hard\libc_nano.a(lib_a-init.o)
 .debug_frame   0x00000c20       0x20 c:/users/peace/.p2/pool/plugins/fr.ac6.mcu.externaltools.arm-none.win32_1.15.0.201708311556/tools/compiler/bin/../lib/gcc/arm-none-eabi/6.3.1/../../../../arm-none-eabi/lib/thumb/v7e-m/fpv4-sp/hard\libc_nano.a(lib_a-sysgettod.o)
 .debug_frame   0x00000c40       0x2c c:/users/peace/.p2/pool/plugins/fr.ac6.mcu.externaltools.arm-none.win32_1.15.0.201708311556/tools/compiler/bin/../lib/gcc/arm-none-eabi/6.3.1/../../../../arm-none-eabi/lib/thumb/v7e-m/fpv4-sp/hard\libc_nano.a(lib_a-gettimeofdayr.o)
 .debug_frame   0x00000c6c       0x5c c:/users/peace/.p2/pool/plugins/fr.ac6.mcu.externaltools.arm-none.win32_1.15.0.201708311556/tools/compiler/bin/../lib/gcc/arm-none-eabi/6.3.1/../../../../arm-none-eabi/lib/thumb/v7e-m/fpv4-sp/hard\libc_nano.a(lib_a-reent.o)
 .debug_frame   0x00000cc8       0x20 c:/users/peace/.p2/pool/plugins/fr.ac6.mcu.externaltools.arm-none.win32_1.15.0.201708311556/tools/compiler/bin/../lib/gcc/arm-none-eabi/6.3.1/../../../../arm-none-eabi/lib/thumb/v7e-m/fpv4-sp/hard\libnosys.a(gettod.o)

.stab           0x00000000       0x24
 .stab          0x00000000       0x24 c:/users/peace/.p2/pool/plugins/fr.ac6.mcu.externaltools.arm-none.win32_1.15.0.201708311556/tools/compiler/bin/../lib/gcc/arm-none-eabi/6.3.1/../../../../arm-none-eabi/lib/thumb/v7e-m/fpv4-sp/hard\libnosys.a(gettod.o)

.stabstr        0x00000000       0x4e
 .stabstr       0x00000000       0x4e c:/users/peace/.p2/pool/plugins/fr.ac6.mcu.externaltools.arm-none.win32_1.15.0.201708311556/tools/compiler/bin/../lib/gcc/arm-none-eabi/6.3.1/../../../../arm-none-eabi/lib/thumb/v7e-m/fpv4-sp/hard\libnosys.a(gettod.o)
